// Jest Snapshot v1, https://goo.gl/fbAQLP

exports[`<BookList /> renders as expected when there are books 1`] = `
<DocumentFragment>
  <div
    class="container"
  >
    <div
      data-testid="book-list-items"
    >
      <div
        class="container"
      >
        <div
          class="details"
        >
          <h2
            class="title"
            data-testid="book-title"
          >
            title-1
          </h2>
          <div
            class="author"
          >
            by 
            <span
              data-testid="book-author"
            >
              author-1
            </span>
          </div>
          <div
            class="link"
            data-testid="book-link"
          >
            <a
              href="/id-1"
            >
              More Info
            </a>
          </div>
        </div>
        <div
          class="cover"
        >
          <img
            alt="title-1 book cover"
            class="coverImage"
            data-testid="book-image"
            src="url://1"
          />
        </div>
      </div>
      <div
        class="container"
      >
        <div
          class="details"
        >
          <h2
            class="title"
            data-testid="book-title"
          >
            title-2
          </h2>
          <div
            class="author"
          >
            by 
            <span
              data-testid="book-author"
            >
              author-0
            </span>
          </div>
          <div
            class="link"
            data-testid="book-link"
          >
            <a
              href="/id-2"
            >
              More Info
            </a>
          </div>
        </div>
        <div
          class="cover"
        >
          <img
            alt="title-2 book cover"
            class="coverImage"
            data-testid="book-image"
            src="url://2"
          />
        </div>
      </div>
      <div
        class="container"
      >
        <div
          class="details"
        >
          <h2
            class="title"
            data-testid="book-title"
          >
            title-3
          </h2>
          <div
            class="author"
          >
            by 
            <span
              data-testid="book-author"
            >
              author-1
            </span>
          </div>
          <div
            class="link"
            data-testid="book-link"
          >
            <a
              href="/id-3"
            >
              More Info
            </a>
          </div>
        </div>
        <div
          class="cover"
        >
          <img
            alt="title-3 book cover"
            class="coverImage"
            data-testid="book-image"
            src="url://3"
          />
        </div>
      </div>
      <div
        class="container"
      >
        <div
          class="details"
        >
          <h2
            class="title"
            data-testid="book-title"
          >
            title-4
          </h2>
          <div
            class="author"
          >
            by 
            <span
              data-testid="book-author"
            >
              author-0
            </span>
          </div>
          <div
            class="link"
            data-testid="book-link"
          >
            <a
              href="/id-4"
            >
              More Info
            </a>
          </div>
        </div>
        <div
          class="cover"
        >
          <img
            alt="title-4 book cover"
            class="coverImage"
            data-testid="book-image"
            src="url://4"
          />
        </div>
      </div>
      <div
        class="container"
      >
        <div
          class="details"
        >
          <h2
            class="title"
            data-testid="book-title"
          >
            title-5
          </h2>
          <div
            class="author"
          >
            by 
            <span
              data-testid="book-author"
            >
              author-1
            </span>
          </div>
          <div
            class="link"
            data-testid="book-link"
          >
            <a
              href="/id-5"
            >
              More Info
            </a>
          </div>
        </div>
        <div
          class="cover"
        >
          <img
            alt="title-5 book cover"
            class="coverImage"
            data-testid="book-image"
            src="url://5"
          />
        </div>
      </div>
      <div
        class="container"
      >
        <div
          class="details"
        >
          <h2
            class="title"
            data-testid="book-title"
          >
            title-6
          </h2>
          <div
            class="author"
          >
            by 
            <span
              data-testid="book-author"
            >
              author-0
            </span>
          </div>
          <div
            class="link"
            data-testid="book-link"
          >
            <a
              href="/id-6"
            >
              More Info
            </a>
          </div>
        </div>
        <div
          class="cover"
        >
          <img
            alt="title-6 book cover"
            class="coverImage"
            data-testid="book-image"
            src="url://6"
          />
        </div>
      </div>
      <div
        class="container"
      >
        <div
          class="details"
        >
          <h2
            class="title"
            data-testid="book-title"
          >
            title-7
          </h2>
          <div
            class="author"
          >
            by 
            <span
              data-testid="book-author"
            >
              author-1
            </span>
          </div>
          <div
            class="link"
            data-testid="book-link"
          >
            <a
              href="/id-7"
            >
              More Info
            </a>
          </div>
        </div>
        <div
          class="cover"
        >
          <img
            alt="title-7 book cover"
            class="coverImage"
            data-testid="book-image"
            src="url://7"
          />
        </div>
      </div>
      <div
        class="container"
      >
        <div
          class="details"
        >
          <h2
            class="title"
            data-testid="book-title"
          >
            title-8
          </h2>
          <div
            class="author"
          >
            by 
            <span
              data-testid="book-author"
            >
              author-0
            </span>
          </div>
          <div
            class="link"
            data-testid="book-link"
          >
            <a
              href="/id-8"
            >
              More Info
            </a>
          </div>
        </div>
        <div
          class="cover"
        >
          <img
            alt="title-8 book cover"
            class="coverImage"
            data-testid="book-image"
            src="url://8"
          />
        </div>
      </div>
      <div
        class="container"
      >
        <div
          class="details"
        >
          <h2
            class="title"
            data-testid="book-title"
          >
            title-9
          </h2>
          <div
            class="author"
          >
            by 
            <span
              data-testid="book-author"
            >
              author-1
            </span>
          </div>
          <div
            class="link"
            data-testid="book-link"
          >
            <a
              href="/id-9"
            >
              More Info
            </a>
          </div>
        </div>
        <div
          class="cover"
        >
          <img
            alt="title-9 book cover"
            class="coverImage"
            data-testid="book-image"
            src="url://9"
          />
        </div>
      </div>
    </div>
  </div>
</DocumentFragment>
`;

exports[`<BookList /> renders as expected when there are no books 1`] = `
<DocumentFragment>
  <div
    class="container"
  >
    <div
      data-testid="empty-book-list"
    >
      <p>
        Sorry, there are no books to display.
      </p>
    </div>
  </div>
</DocumentFragment>
`;
